
> voicecvvv@0.1.0 build
> next build

Γû▓ Next.js 16.1.6 (Turbopack)
- Environments: .env.local

node.exe : ΓÜá The 
"middleware" file 
convention is 
deprecated. Please use 
"proxy" instead. Learn 
more: https://nextjs.or
g/docs/messages/middlew
are-to-proxy
At line:1 char:1
+ & "C:\Program 
Files\nodejs/node.exe" 
"C:\Program 
Files\nodejs/node_mo 
...
+ ~~~~~~~~~~~~~~~~~~~~~
~~~~~~~~~~~~~~~~~~~~~~~
~~~~~~~~~~~~~~~~~~~~~~~
~~
    + CategoryInfo     
         : NotSpecifi  
  ed: (ΓÜá The "midd   
 le...leware-to-pro    
xy:String) [], Rem    
oteException
    + FullyQualifiedEr 
   rorId : NativeComm  
  andError
 
  Creating an optimized production build ...
Γ£ô Compiled successfully in 3.7s
  Running TypeScript ...
Failed to compile.

./src/components/templa
tes/ClassicTemplate.tsx
:23:17
Type error: Cannot 
find namespace 'JSX'.

[0m [90m 21 |[39m   
  onFieldChange[33m:[
39m (path[33m:[39m 
string[33m,[39m 
value[33m:[39m 
string) [33m=>[39m [
36mvoid[39m[33m;[39m
 [90m 22 |[39m     st
yle[33m?[39m[33m:[3
9m [33mReact[39m[33m
.[39m[33mCSSPropertie
s[39m[33m;[39m
[31m[1m>[22m[39m[9
0m 23 |[39m     tag[3
3m?[39m[33m:[39m 
keyof [33mJSX[39m[33
m.[39m[33mIntrinsicEl
ements[39m[33m;[39m
 [90m    |[39m       
          
[31m[1m^[22m[39m
 [90m 24 |[39m     pl
aceholder[33m?[39m[3
3m:[39m 
string[33m;[39m
 [90m 25 |[39m }) {
 [90m 26 |[39m     
[36mreturn[39m ([0m
Next.js build worker 
exited with code: 1 
and signal: null
